srcip = 192.168.0.54
srcip = 192.168.0.54
srcip = 192.168.0.54
srcip = 192.168.0.54
srcip = 192.168.0.54
srcip = 192.168.0.54
srcip = 192.168.0.54
srcip = 192.168.0.54
srcip = 192.168.0.54
srcip = 192.168.0.54
srcip = 192.168.0.54
srcip = 192.168.0.54
srcip = 192.168.0.54
srcip = 192.168.0.54
srcip = 192.168.0.54
srcip = 192.168.0.54
srcip = 192.168.0.54
srcip = 192.168.0.54
srcip = 192.168.0.54
srcip = 192.168.0.54
srcip = 192.168.0.54
srcip = 192.168.0.54
srcip = 192.168.0.54
srcip = 192.168.0.54
srcip = 192.168.0.54
srcip = 192.168.0.54
srcip = 192.168.0.54
srcip = 192.168.0.54
srcip = 192.168.0.54
srcip = 192.168.0.54
srcip = 192.168.0.54
srcip = 192.168.0.54
srcip = 192.168.0.54
srcip = 192.168.0.54
srcip = 192.168.0.54
srcip = 192.168.0.54
srcip = 192.168.0.54
srcip = 192.168.0.54
srcip = 192.168.0.54
srcip = 192.168.0.54
srcip = 192.168.0.54
srcip = 192.168.0.54
srcip = 192.168.0.54
srcip = 192.168.0.54
srcip = 192.168.0.54
srcip = 192.168.0.54
srcip = 192.168.0.54
srcip = 192.168.0.54
srcip = 192.168.0.54
srcip = 192.168.0.54
srcip = 192.168.0.54
srcip = 192.168.0.54
srcip = 192.168.0.54
srcip = 192.168.0.54
srcip = 192.168.0.54
srcip = 192.168.0.54
srcip = 192.168.0.54
srcip = 192.168.0.54
srcip = 192.168.0.54
srcip = 192.168.0.54
srcip = 192.168.0.54
srcip = 192.168.0.54
srcip = 192.168.0.54
srcip = 192.168.0.54
srcip = 192.168.0.54
srcip = 192.168.0.54
srcip = 192.168.0.54
srcip = 192.168.0.54
srcip = 192.168.0.54
srcip = 192.168.0.54
srcip = 192.168.0.54
srcip = 192.168.0.54
srcip = 192.168.0.54
srcip = 192.168.0.54
srcip = 192.168.0.54
srcip = 192.168.0.54
srcip = 192.168.0.54
srcip = 192.168.0.54
srcip = 192.168.0.54
srcip = 192.168.0.54
srcip = 192.168.0.54
srcip = 192.168.0.54
srcip = 192.168.0.54
srcip = 192.168.0.54
srcip = 192.168.0.54
srcip = 192.168.0.54
srcip = 192.168.0.54
srcip = 192.168.0.54
srcip = 192.168.0.54
srcip = 192.168.0.54
srcip = 192.168.0.54
srcip = 192.168.0.54
srcip = 192.168.0.54
srcip = 192.168.0.54
srcip = 192.168.0.54
srcip = 192.168.0.54
srcip = 192.168.0.54
srcip = 192.168.0.54
srcip = 192.168.0.54
srcip = 192.168.0.54
srcip = 192.168.0.54
srcip = 192.168.0.54
srcip = 192.168.0.54
srcip = 192.168.0.54
srcip = 192.168.0.54
srcip = 192.168.0.54
srcip = 192.168.0.54
srcip = 192.168.0.54
srcip = 192.168.0.54
srcip = 192.168.0.54
srcip = 192.168.0.54
srcip = 192.168.0.54
srcip = 192.168.0.54
srcip = 192.168.0.54
srcip = 192.168.0.54
srcip = 192.168.0.54
srcip = 192.168.0.54
srcip = 192.168.0.54
srcip = 192.168.0.54
srcip = 192.168.0.54
srcip = 192.168.0.54
srcip = 192.168.0.54
srcip = 192.168.0.54
srcip = 192.168.0.54
srcip = 192.168.0.54
srcip = 192.168.0.54
srcip = 192.168.0.54
srcip = 192.168.0.54
srcip = 192.168.0.54
srcip = 192.168.0.54
srcip = 192.168.0.54
srcip = 192.168.0.54
srcip = 192.168.0.54
srcip = 192.168.0.54
srcip = 192.168.0.54
srcip = 192.168.0.54
srcip = 192.168.0.54
srcip = 192.168.0.54
srcip = 192.168.0.54
srcip = 192.168.0.54
srcip = 192.168.0.54
srcip = 192.168.0.54
srcip = 192.168.0.54
srcip = 192.168.0.54
srcip = 192.168.0.54
srcip = 192.168.0.54
srcip = 192.168.0.54
srcip = 192.168.0.54
srcip = 192.168.0.54
srcip = 192.168.0.54
srcip = 192.168.0.54
srcip = 192.168.0.54
srcip = 192.168.0.54
srcip = 192.168.0.54
srcip = 192.168.0.54
srcip = 192.168.0.54
srcip = 192.168.0.54
srcip = 192.168.0.54
srcip = 192.168.0.54
srcip = 192.168.0.54
srcip = 192.168.0.54
srcip = 192.168.0.54
srcip = 192.168.0.54
srcip = 192.168.0.54
srcip = 192.168.0.54
srcip = 192.168.0.54
srcip = 192.168.0.54
srcip = 192.168.0.54
srcip = 192.168.0.54
srcip = 192.168.0.54
srcip = 192.168.0.54
srcip = 192.168.0.54
srcip = 192.168.0.54
srcip = 192.168.0.54
srcip = 192.168.0.54
srcip = 192.168.0.54
srcip = 192.168.0.54
srcip = 192.168.0.54
srcip = 192.168.0.54
srcip = 192.168.0.54
srcip = 192.168.0.54
srcip = 192.168.0.54
srcip = 192.168.0.54
srcip = 192.168.0.54
srcip = 192.168.0.54
srcip = 192.168.0.54
srcip = 192.168.0.54
srcip = 192.168.0.54
srcip = 192.168.0.54
srcip = 192.168.0.54
srcip = 192.168.0.54
srcip = 192.168.0.54
srcip = 192.168.0.54
srcip = 192.168.0.54
srcip = 192.168.0.54
srcip = 192.168.0.54
srcip = 192.168.0.200
srcip = 192.168.0.200
srcip = 192.168.0.54
srcip = 192.168.0.54
srcip = 192.168.0.54
srcip = 192.168.0.54
srcip = 192.168.0.54
srcip = 192.168.0.54
srcip = 192.168.0.54
srcip = 192.168.0.54
srcip = 192.168.0.54
srcip = 192.168.0.54
srcip = 192.168.0.54
srcip = 192.168.0.54
srcip = 192.168.0.54
srcip = 192.168.0.54
srcip = 192.168.0.54
srcip = 192.168.0.54
srcip = 192.168.0.54
srcip = 192.168.0.54
