srcip = 192.168.0.54
srcip = 192.168.0.54
srcip = 192.168.0.54
srcip = 192.168.0.54
srcip = 192.168.0.54
srcip = 192.168.0.54
srcip = 192.168.0.54
srcip = 192.168.0.54
srcip = 192.168.0.54
srcip = 192.168.0.54
srcip = 192.168.0.54
srcip = 192.168.0.54
srcip = 192.168.0.54
srcip = 192.168.0.54
srcip = 192.168.0.54
srcip = 192.168.0.54
srcip = 192.168.0.54
srcip = 192.168.0.54
srcip = 192.168.0.54
srcip = 192.168.0.54
srcip = 192.168.0.54
srcip = 192.168.0.54
srcip = 192.168.0.54
srcip = 192.168.0.54
srcip = 192.168.0.54
srcip = 192.168.0.54
srcip = 192.168.0.54
srcip = 192.168.0.54
srcip = 192.168.0.54
srcip = 192.168.0.54
srcip = 192.168.0.54
srcip = 192.168.0.54
srcip = 192.168.0.54
srcip = 192.168.0.54
srcip = 192.168.0.54
srcip = 192.168.0.54
srcip = 192.168.0.54
srcip = 192.168.0.54
srcip = 192.168.0.54
srcip = 192.168.0.54
srcip = 192.168.0.54
srcip = 192.168.0.54
srcip = 192.168.0.54
srcip = 192.168.0.54
srcip = 192.168.0.54
srcip = 192.168.0.54
srcip = 192.168.0.54
srcip = 192.168.0.54
srcip = 192.168.0.54
srcip = 192.168.0.54
srcip = 192.168.0.54
srcip = 192.168.0.54
srcip = 192.168.0.54
srcip = 192.168.0.54
srcip = 192.168.0.54
srcip = 192.168.0.54
srcip = 192.168.0.54
srcip = 192.168.0.54
srcip = 192.168.0.54
srcip = 192.168.0.54
srcip = 192.168.0.54
srcip = 192.168.0.54
srcip = 192.168.0.54
srcip = 192.168.0.54
srcip = 192.168.0.54
srcip = 192.168.0.54
srcip = 192.168.0.54
srcip = 192.168.0.54
srcip = 192.168.0.54
srcip = 192.168.0.54
srcip = 192.168.0.54
srcip = 192.168.0.54
srcip = 192.168.0.54
srcip = 192.168.0.54
srcip = 192.168.0.54
srcip = 192.168.0.54
srcip = 192.168.0.54
srcip = 192.168.0.54
srcip = 192.168.0.54
srcip = 192.168.0.54
srcip = 192.168.0.54
srcip = 192.168.0.54
srcip = 192.168.0.54
srcip = 192.168.0.54
srcip = 192.168.0.54
srcip = 192.168.0.54
srcip = 192.168.0.54
srcip = 192.168.0.54
srcip = 192.168.0.54
srcip = 192.168.0.54
srcip = 192.168.0.54
srcip = 192.168.0.54
srcip = 192.168.0.54
srcip = 192.168.0.54
srcip = 192.168.0.54
srcip = 192.168.0.54
srcip = 192.168.0.54
srcip = 192.168.0.54
srcip = 192.168.0.200
srcip = 192.168.0.54
srcip = 192.168.0.54
srcip = 192.168.0.54
srcip = 192.168.0.54
srcip = 192.168.0.54
srcip = 192.168.0.54
srcip = 192.168.0.54
srcip = 192.168.0.54
srcip = 192.168.0.54
srcip = mailrelay2
srcip = mailrelay2
srcip = mailrelay2
srcip = mailrelay2
srcip = mailrelay2
srcip = mailrelay2
srcip = mailrelay2
srcip = mailrelay2
srcip = mailproxy2
srcip = mailrelay2
srcip = mailrelay3
srcip = mailrelay3
srcip = mailrelay3
srcip = mailrelay3
srcip = mailrelay3
srcip = mailproxy2
srcip = mailrelay3
