srcip = 192.168.0.54
dstip = 192.168.0.210
srcip = 192.168.0.54
dstip = 192.168.0.210
srcip = 192.168.0.54
dstip = 192.168.0.210
srcip = 192.168.0.54
dstip = 192.168.0.210
srcip = 192.168.0.54
dstip = 192.168.0.200
srcip = 192.168.0.54
dstip = 192.168.0.200
srcip = 192.168.0.54
dstip = 192.168.0.200
srcip = 192.168.0.54
dstip = 192.168.0.200
srcip = 192.168.0.54
dstip = 192.168.0.200
srcip = 192.168.0.54
dstip = 192.168.0.200
srcip = 192.168.0.54
dstip = 192.168.0.200
srcip = 192.168.0.54
dstip = 192.168.0.200
srcip = 192.168.0.54
dstip = 192.168.0.200
srcip = 192.168.0.54
dstip = 192.168.0.200
srcip = 192.168.0.54
dstip = 192.168.0.200
srcip = 192.168.0.54
dstip = 192.168.0.200
srcip = 192.168.0.54
dstip = 192.168.0.200
srcip = 192.168.0.54
dstip = 192.168.0.200
srcip = 192.168.0.54
dstip = 192.168.0.200
srcip = 192.168.0.54
dstip = 192.168.0.200
srcip = 192.168.0.54
dstip = 192.168.0.200
srcip = 192.168.0.54
dstip = 192.168.0.200
srcip = 192.168.0.54
dstip = 192.168.0.200
srcip = 192.168.0.54
dstip = 192.168.0.200
srcip = 192.168.0.54
dstip = 192.168.0.200
srcip = 192.168.0.54
dstip = 192.168.0.200
srcip = 192.168.0.54
dstip = 192.168.0.200
srcip = 192.168.0.54
dstip = 192.168.0.200
srcip = 192.168.0.54
dstip = 192.168.0.200
srcip = 192.168.0.54
dstip = 192.168.0.200
srcip = 192.168.0.54
dstip = 192.168.0.200
srcip = 192.168.0.54
dstip = 192.168.0.200
srcip = 192.168.0.54
dstip = 192.168.0.200
srcip = 192.168.0.54
dstip = 192.168.0.200
srcip = 192.168.0.54
dstip = 192.168.0.200
srcip = 192.168.0.54
dstip = 192.168.0.200
srcip = 192.168.0.54
dstip = 192.168.0.200
srcip = 192.168.0.54
dstip = 192.168.0.200
srcip = 192.168.0.54
dstip = 192.168.0.200
srcip = 192.168.0.54
dstip = 192.168.0.200
srcip = 192.168.0.54
dstip = 192.168.0.200
srcip = 192.168.0.54
dstip = 192.168.0.200
srcip = 192.168.0.54
dstip = 192.168.0.200
srcip = 192.168.0.54
dstip = 192.168.0.200
srcip = 192.168.0.54
dstip = 192.168.0.200
srcip = 192.168.0.54
dstip = 192.168.0.200
srcip = 192.168.0.54
dstip = 192.168.0.200
srcip = 192.168.0.54
dstip = 192.168.0.200
srcip = 192.168.0.54
dstip = 192.168.0.200
srcip = 192.168.0.54
dstip = 192.168.0.200
srcip = 192.168.0.54
dstip = 192.168.0.200
srcip = 192.168.0.54
dstip = 192.168.0.200
srcip = 192.168.0.54
dstip = 192.168.0.200
srcip = 192.168.0.54
dstip = 192.168.0.200
srcip = 192.168.0.54
dstip = 192.168.0.200
srcip = 192.168.0.54
dstip = 192.168.0.200
srcip = 192.168.0.54
dstip = 192.168.0.200
srcip = 192.168.0.54
dstip = 192.168.0.200
srcip = 192.168.0.54
dstip = 192.168.0.200
srcip = 192.168.0.54
dstip = 192.168.0.200
srcip = 192.168.0.54
dstip = 192.168.0.200
srcip = 192.168.0.54
dstip = 192.168.0.200
srcip = 192.168.0.54
dstip = 192.168.0.200
srcip = 192.168.0.54
dstip = 192.168.0.200
srcip = 192.168.0.54
dstip = 192.168.0.200
srcip = 192.168.0.54
dstip = 192.168.0.200
srcip = 192.168.0.54
dstip = 192.168.0.200
srcip = 192.168.0.54
dstip = 192.168.0.200
srcip = 192.168.0.54
dstip = 192.168.0.200
srcip = 192.168.0.54
dstip = 192.168.0.200
srcip = 192.168.0.54
dstip = 192.168.0.200
srcip = 192.168.0.54
dstip = 192.168.0.200
srcip = 192.168.0.54
dstip = 192.168.0.200
srcip = 192.168.0.54
dstip = 192.168.0.200
srcip = 192.168.0.54
dstip = 192.168.0.200
srcip = 192.168.0.54
dstip = 192.168.0.200
srcip = 192.168.0.54
dstip = 192.168.0.200
srcip = 192.168.0.54
dstip = 192.168.0.200
srcip = 192.168.0.54
dstip = 192.168.0.200
srcip = 192.168.0.54
dstip = 192.168.0.200
srcip = 192.168.0.54
dstip = 192.168.0.200
srcip = 192.168.0.54
dstip = 192.168.0.200
srcip = 192.168.0.54
dstip = 192.168.0.200
srcip = 192.168.0.54
dstip = 192.168.0.200
srcip = 192.168.0.54
dstip = 192.168.0.200
srcip = 192.168.0.54
dstip = 192.168.0.200
srcip = 192.168.0.54
dstip = 192.168.0.200
srcip = 192.168.0.54
dstip = 192.168.0.200
srcip = 192.168.0.54
dstip = 192.168.0.200
srcip = 192.168.0.54
dstip = 192.168.0.200
srcip = 192.168.0.54
dstip = 192.168.0.200
srcip = 192.168.0.54
dstip = 192.168.0.200
srcip = 192.168.0.54
dstip = 192.168.0.200
srcip = 192.168.0.54
dstip = 192.168.0.200
srcip = 192.168.0.54
dstip = 192.168.0.200
srcip = 192.168.0.54
dstip = 192.168.0.200
srcip = 192.168.0.54
dstip = 192.168.0.200
srcip = 192.168.0.54
dstip = 192.168.0.200
srcip = 192.168.0.200
dstip = 192.168.0.54
srcip = 192.168.0.54
dstip = 192.168.0.200
srcip = 192.168.0.54
dstip = 192.168.0.200
srcip = 192.168.0.54
dstip = 192.168.0.200
srcip = 192.168.0.54
dstip = 192.168.0.200
srcip = 192.168.0.54
dstip = 192.168.0.200
srcip = 192.168.0.54
dstip = 192.168.0.200
srcip = 192.168.0.54
dstip = 192.168.0.200
srcip = 192.168.0.54
dstip = 192.168.0.200
srcip = 192.168.0.54
dstip = 192.168.0.200
