src	tcp	1043	0.333333
src	tcp	1051	0.333333
src	udp	137	0.333333
dst	tcp	139	0.333333
dst	tcp	445	0.333333
dst	udp	137	0.333333
