0	192.168.0.54	192.168.0.210	1	0	2000-03-25T12:13:29.360668-07:00
1	192.168.0.54	192.168.0.200	1	0	2000-03-25T12:15:28.020237-07:00
1	192.168.0.54	192.168.0.200	103	1	2000-03-25T12:15:28.020237-07:00	2000-03-25T12:15:53.354234-07:00
0	192.168.0.54	192.168.0.210	4	0	2000-03-25T12:13:29.360668-07:00	2000-03-25T12:13:29.363329-07:00
