ts = 954011609.360668
ts = 954011609.361618
ts = 954011609.362882
ts = 954011609.363329
ts = 954011728.020237
ts = 954011728.020780
ts = 954011728.021223
ts = 954011728.021391
ts = 954011728.022503
ts = 954011728.028445
