foohost	192.168.0.54	192.168.0.210
foohost	192.168.0.54	192.168.0.210
foohost	192.168.0.54	192.168.0.210
foohost	192.168.0.54	192.168.0.210
foohost	192.168.0.54	192.168.0.200
foohost	192.168.0.54	192.168.0.200
foohost	192.168.0.54	192.168.0.200
foohost	192.168.0.54	192.168.0.200
foohost	192.168.0.54	192.168.0.200
foohost	192.168.0.54	192.168.0.200
foohost	192.168.0.54	192.168.0.200
foohost	192.168.0.54	192.168.0.200
foohost	192.168.0.54	192.168.0.200
foohost	192.168.0.54	192.168.0.200
foohost	192.168.0.54	192.168.0.200
foohost	192.168.0.54	192.168.0.200
foohost	192.168.0.54	192.168.0.200
foohost	192.168.0.54	192.168.0.200
foohost	192.168.0.54	192.168.0.200
foohost	192.168.0.54	192.168.0.200
foohost	192.168.0.54	192.168.0.200
foohost	192.168.0.54	192.168.0.200
foohost	192.168.0.54	192.168.0.200
foohost	192.168.0.54	192.168.0.200
foohost	192.168.0.54	192.168.0.200
foohost	192.168.0.54	192.168.0.200
foohost	192.168.0.54	192.168.0.200
foohost	192.168.0.54	192.168.0.200
foohost	192.168.0.54	192.168.0.200
foohost	192.168.0.54	192.168.0.200
foohost	192.168.0.54	192.168.0.200
foohost	192.168.0.54	192.168.0.200
foohost	192.168.0.54	192.168.0.200
foohost	192.168.0.54	192.168.0.200
foohost	192.168.0.54	192.168.0.200
foohost	192.168.0.54	192.168.0.200
foohost	192.168.0.54	192.168.0.200
foohost	192.168.0.54	192.168.0.200
foohost	192.168.0.54	192.168.0.200
foohost	192.168.0.54	192.168.0.200
foohost	192.168.0.54	192.168.0.200
foohost	192.168.0.54	192.168.0.200
foohost	192.168.0.54	192.168.0.200
foohost	192.168.0.54	192.168.0.200
foohost	192.168.0.54	192.168.0.200
foohost	192.168.0.54	192.168.0.200
foohost	192.168.0.54	192.168.0.200
foohost	192.168.0.54	192.168.0.200
foohost	192.168.0.54	192.168.0.200
foohost	192.168.0.54	192.168.0.200
foohost	192.168.0.54	192.168.0.200
foohost	192.168.0.54	192.168.0.200
foohost	192.168.0.54	192.168.0.200
foohost	192.168.0.54	192.168.0.200
foohost	192.168.0.54	192.168.0.200
foohost	192.168.0.54	192.168.0.200
foohost	192.168.0.54	192.168.0.200
foohost	192.168.0.54	192.168.0.200
foohost	192.168.0.54	192.168.0.200
foohost	192.168.0.54	192.168.0.200
foohost	192.168.0.54	192.168.0.200
foohost	192.168.0.54	192.168.0.200
foohost	192.168.0.54	192.168.0.200
foohost	192.168.0.54	192.168.0.200
foohost	192.168.0.54	192.168.0.200
foohost	192.168.0.54	192.168.0.200
foohost	192.168.0.54	192.168.0.200
foohost	192.168.0.54	192.168.0.200
foohost	192.168.0.54	192.168.0.200
foohost	192.168.0.54	192.168.0.200
foohost	192.168.0.54	192.168.0.200
foohost	192.168.0.54	192.168.0.200
foohost	192.168.0.54	192.168.0.200
foohost	192.168.0.54	192.168.0.200
foohost	192.168.0.54	192.168.0.200
foohost	192.168.0.54	192.168.0.200
foohost	192.168.0.54	192.168.0.200
foohost	192.168.0.54	192.168.0.200
foohost	192.168.0.54	192.168.0.200
foohost	192.168.0.54	192.168.0.200
foohost	192.168.0.54	192.168.0.200
foohost	192.168.0.54	192.168.0.200
foohost	192.168.0.54	192.168.0.200
foohost	192.168.0.54	192.168.0.200
foohost	192.168.0.54	192.168.0.200
foohost	192.168.0.54	192.168.0.200
foohost	192.168.0.54	192.168.0.200
foohost	192.168.0.54	192.168.0.200
foohost	192.168.0.54	192.168.0.200
foohost	192.168.0.54	192.168.0.200
foohost	192.168.0.54	192.168.0.200
foohost	192.168.0.54	192.168.0.200
foohost	192.168.0.54	192.168.0.200
foohost	192.168.0.54	192.168.0.200
foohost	192.168.0.54	192.168.0.200
foohost	192.168.0.54	192.168.0.200
foohost	192.168.0.54	192.168.0.200
foohost	192.168.0.54	192.168.0.200
shadownet	192.168.0.200	192.168.0.54
foohost	192.168.0.54	192.168.0.200
foohost	192.168.0.54	192.168.0.200
foohost	192.168.0.54	192.168.0.200
foohost	192.168.0.54	192.168.0.200
foohost	192.168.0.54	192.168.0.200
foohost	192.168.0.54	192.168.0.200
foohost	192.168.0.54	192.168.0.200
foohost	192.168.0.54	192.168.0.200
foohost	192.168.0.54	192.168.0.200
