a.srcip = 192.168.0.54	b.srcip = 192.168.0.200	a.ipid = 423	b.ipid = 41189
