954011609.363329	192.168.0.54	192.168.0.210
954011731.922436	192.168.0.200	192.168.0.54
954011753.354234	192.168.0.54	192.168.0.200
