2000-03-25T12:13:29.363329-07:00	192.168.0.54	192.168.0.210
2000-03-25T12:15:31.922436-07:00	192.168.0.200	192.168.0.54
2000-03-25T12:15:53.354234-07:00	192.168.0.54	192.168.0.200
