j0SE83vC026025:	W32/Bagle-AY	relay=mailproxy2.lanl.gov	[128.165.1.8]
j0SEIbwv030441:	W32/Netsky-P	relay=mailproxy2.lanl.gov	[128.165.1.8]
