print cmd from tabularinput(-f, multistr.test, cmd, arg) where substr(cmd, "print")
print cmd from tabularinput(-f, multistr.test, cmd, arg) where substr(cmd, "print")
print cmd from tabularinput(-d, " ", -f, multistr.test, cmd, arg) where substr(cmd, "bin")
