ts=954011609.360668
caplen=93
len=93
ipprotocol=6
packet=
srcmac=00:00:86:33:61:48
dstmac=00:10:a4:ec:54:e0
srcip=192.168.0.54
dstip=192.168.0.210
ipid=325
ttl=128
srcport=1043
dstport=139
seq=3544678043
ack=201338
urgptr=0
urg=0
tcpwindow=16145
payload=
timeseries=954011609.360668
snaplen=1514
linktype=1
=
ts=954011609.361618
caplen=97
len=97
ipprotocol=6
packet=
srcmac=00:00:86:33:61:48
dstmac=00:10:a4:ec:54:e0
srcip=192.168.0.54
dstip=192.168.0.210
ipid=326
ttl=128
srcport=1043
dstport=139
seq=3544678082
ack=201377
urgptr=0
urg=0
tcpwindow=16106
payload=
timeseries=954011609.361618
snaplen=1514
linktype=1
=
ts=954011609.362882
caplen=60
len=60
ipprotocol=6
packet=
srcmac=00:00:86:33:61:48
dstmac=00:10:a4:ec:54:e0
srcip=192.168.0.54
dstip=192.168.0.210
ipid=327
ttl=128
srcport=1043
dstport=139
seq=3544678125
ack=201420
urgptr=0
urg=0
tcpwindow=16063
payload=
timeseries=954011609.362882
snaplen=1514
linktype=1
=
ts=954011609.363329
caplen=60
len=60
ipprotocol=6
packet=
srcmac=00:00:86:33:61:48
dstmac=00:10:a4:ec:54:e0
srcip=192.168.0.54
dstip=192.168.0.210
ipid=328
ttl=128
srcport=1043
dstport=139
seq=3544678126
ack=201421
urgptr=0
urg=0
tcpwindow=16063
payload=
timeseries=954011609.363329
snaplen=1514
linktype=1
=
ts=954011728.020237
caplen=62
len=62
ipprotocol=6
packet=
srcmac=00:00:86:33:61:48
dstmac=00:10:a4:ec:54:b8
srcip=192.168.0.54
dstip=192.168.0.200
ipid=329
ttl=128
srcport=1051
dstport=445
seq=3593394780
ack=0
urgptr=0
urg=0
tcpwindow=16384
payload=
timeseries=954011728.020237
snaplen=1514
linktype=1
=
ts=954011728.020780
caplen=62
len=62
ipprotocol=6
packet=
srcmac=00:00:86:33:61:48
dstmac=00:10:a4:ec:54:b8
srcip=192.168.0.54
dstip=192.168.0.200
ipid=330
ttl=128
srcport=1052
dstport=139
seq=3593444673
ack=0
urgptr=0
urg=0
tcpwindow=16384
payload=
timeseries=954011728.020780
snaplen=1514
linktype=1
=
ts=954011728.021223
caplen=60
len=60
ipprotocol=6
packet=
srcmac=00:00:86:33:61:48
dstmac=00:10:a4:ec:54:b8
srcip=192.168.0.54
dstip=192.168.0.200
ipid=331
ttl=128
srcport=1052
dstport=139
seq=3593444674
ack=1729801
urgptr=0
urg=0
tcpwindow=17520
payload=
timeseries=954011728.021223
snaplen=1514
linktype=1
=
ts=954011728.021391
caplen=126
len=126
ipprotocol=6
packet=
srcmac=00:00:86:33:61:48
dstmac=00:10:a4:ec:54:b8
srcip=192.168.0.54
dstip=192.168.0.200
ipid=332
ttl=128
srcport=1052
dstport=139
seq=3593444674
ack=1729801
urgptr=0
urg=0
tcpwindow=17520
payload=Å
timeseries=954011728.021391
snaplen=1514
linktype=1
=
ts=954011728.022503
caplen=191
len=191
ipprotocol=6
packet=
srcmac=00:00:86:33:61:48
dstmac=00:10:a4:ec:54:b8
srcip=192.168.0.54
dstip=192.168.0.200
ipid=333
ttl=128
srcport=1052
dstport=139
seq=3593444746
ack=1729805
urgptr=0
urg=0
tcpwindow=17516
payload=
timeseries=954011728.022503
snaplen=1514
linktype=1
=
ts=954011728.028445
caplen=346
len=346
ipprotocol=6
packet=
srcmac=00:00:86:33:61:48
dstmac=00:10:a4:ec:54:b8
srcip=192.168.0.54
dstip=192.168.0.200
ipid=334
ttl=128
srcport=1052
dstport=139
seq=3593444883
ack=1729906
urgptr=0
urg=0
tcpwindow=17415
payload=
timeseries=954011728.028445
snaplen=1514
linktype=1
=
ts=954011728.102582
caplen=62
len=62
ipprotocol=6
packet=
srcmac=00:00:86:33:61:48
dstmac=00:10:a4:ec:54:b8
srcip=192.168.0.54
dstip=192.168.0.200
ipid=335
ttl=128
srcport=1053
dstport=21
seq=3593509274
ack=0
urgptr=0
urg=0
tcpwindow=16384
payload=
timeseries=954011728.102582
snaplen=1514
linktype=1
=
ts=954011728.103886
caplen=62
len=62
ipprotocol=6
packet=
srcmac=00:00:86:33:61:48
dstmac=00:10:a4:ec:54:b8
srcip=192.168.0.54
dstip=192.168.0.200
ipid=336
ttl=128
srcport=1054
dstport=80
seq=3593571492
ack=0
urgptr=0
urg=0
tcpwindow=16384
payload=
timeseries=954011728.103886
snaplen=1514
linktype=1
=
ts=954011728.120922
caplen=62
len=62
ipprotocol=6
packet=
srcmac=00:00:86:33:61:48
dstmac=00:10:a4:ec:54:b8
srcip=192.168.0.54
dstip=192.168.0.200
ipid=337
ttl=128
srcport=1055
dstport=25
seq=3593649239
ack=0
urgptr=0
urg=0
tcpwindow=16384
payload=
timeseries=954011728.120922
snaplen=1514
linktype=1
=
ts=954011728.126184
caplen=62
len=62
ipprotocol=6
packet=
srcmac=00:00:86:33:61:48
dstmac=00:10:a4:ec:54:b8
srcip=192.168.0.54
dstip=192.168.0.200
ipid=338
ttl=128
srcport=1056
dstport=110
seq=3593700394
ack=0
urgptr=0
urg=0
tcpwindow=16384
payload=
timeseries=954011728.126184
snaplen=1514
linktype=1
=
ts=954011728.129182
caplen=62
len=62
ipprotocol=6
packet=
srcmac=00:00:86:33:61:48
dstmac=00:10:a4:ec:54:b8
srcip=192.168.0.54
dstip=192.168.0.200
ipid=339
ttl=128
srcport=1057
dstport=111
seq=3593755013
ack=0
urgptr=0
urg=0
tcpwindow=16384
payload=
timeseries=954011728.129182
snaplen=1514
linktype=1
=
ts=954011728.131837
caplen=62
len=62
ipprotocol=6
packet=
srcmac=00:00:86:33:61:48
dstmac=00:10:a4:ec:54:b8
srcip=192.168.0.54
dstip=192.168.0.200
ipid=340
ttl=128
srcport=1058
dstport=79
seq=3593800672
ack=0
urgptr=0
urg=0
tcpwindow=16384
payload=
timeseries=954011728.131837
snaplen=1514
linktype=1
=
ts=954011728.134177
caplen=62
len=62
ipprotocol=6
packet=
srcmac=00:00:86:33:61:48
dstmac=00:10:a4:ec:54:b8
srcip=192.168.0.54
dstip=192.168.0.200
ipid=341
ttl=128
srcport=1059
dstport=53
seq=3593845018
ack=0
urgptr=0
urg=0
tcpwindow=16384
payload=
timeseries=954011728.134177
snaplen=1514
linktype=1
=
ts=954011728.518317
caplen=62
len=62
ipprotocol=6
packet=
srcmac=00:00:86:33:61:48
dstmac=00:10:a4:ec:54:b8
srcip=192.168.0.54
dstip=192.168.0.200
ipid=342
ttl=128
srcport=1053
dstport=21
seq=3593509274
ack=0
urgptr=0
urg=0
tcpwindow=16384
payload=
timeseries=954011728.518317
snaplen=1514
linktype=1
=
ts=954011728.518393
caplen=62
len=62
ipprotocol=6
packet=
srcmac=00:00:86:33:61:48
dstmac=00:10:a4:ec:54:b8
srcip=192.168.0.54
dstip=192.168.0.200
ipid=343
ttl=128
srcport=1054
dstport=80
seq=3593571492
ack=0
urgptr=0
urg=0
tcpwindow=16384
payload=
timeseries=954011728.518393
snaplen=1514
linktype=1
=
ts=954011728.620389
caplen=62
len=62
ipprotocol=6
packet=
srcmac=00:00:86:33:61:48
dstmac=00:10:a4:ec:54:b8
srcip=192.168.0.54
dstip=192.168.0.200
ipid=344
ttl=128
srcport=1057
dstport=111
seq=3593755013
ack=0
urgptr=0
urg=0
tcpwindow=16384
payload=
timeseries=954011728.620389
snaplen=1514
linktype=1
=
ts=954011728.620464
caplen=62
len=62
ipprotocol=6
packet=
srcmac=00:00:86:33:61:48
dstmac=00:10:a4:ec:54:b8
srcip=192.168.0.54
dstip=192.168.0.200
ipid=345
ttl=128
srcport=1058
dstport=79
seq=3593800672
ack=0
urgptr=0
urg=0
tcpwindow=16384
payload=
timeseries=954011728.620464
snaplen=1514
linktype=1
=
ts=954011728.620554
caplen=62
len=62
ipprotocol=6
packet=
srcmac=00:00:86:33:61:48
dstmac=00:10:a4:ec:54:b8
srcip=192.168.0.54
dstip=192.168.0.200
ipid=346
ttl=128
srcport=1059
dstport=53
seq=3593845018
ack=0
urgptr=0
urg=0
tcpwindow=16384
payload=
timeseries=954011728.620554
snaplen=1514
linktype=1
=
ts=954011728.620627
caplen=62
len=62
ipprotocol=6
packet=
srcmac=00:00:86:33:61:48
dstmac=00:10:a4:ec:54:b8
srcip=192.168.0.54
dstip=192.168.0.200
ipid=347
ttl=128
srcport=1055
dstport=25
seq=3593649239
ack=0
urgptr=63560
urg=0
tcpwindow=16384
payload=
timeseries=954011728.620627
snaplen=1514
linktype=1
=
ts=954011728.620701
caplen=62
len=62
ipprotocol=6
packet=
srcmac=00:00:86:33:61:48
dstmac=00:10:a4:ec:54:b8
srcip=192.168.0.54
dstip=192.168.0.200
ipid=348
ttl=128
srcport=1056
dstport=110
seq=3593700394
ack=0
urgptr=44544
urg=0
tcpwindow=16384
payload=
timeseries=954011728.620701
snaplen=1514
linktype=1
=
ts=954011729.019047
caplen=62
len=62
ipprotocol=6
packet=
srcmac=00:00:86:33:61:48
dstmac=00:10:a4:ec:54:b8
srcip=192.168.0.54
dstip=192.168.0.200
ipid=349
ttl=128
srcport=1053
dstport=21
seq=3593509274
ack=0
urgptr=44544
urg=0
tcpwindow=16384
payload=
timeseries=954011729.019047
snaplen=1514
linktype=1
=
ts=954011729.019123
caplen=62
len=62
ipprotocol=6
packet=
srcmac=00:00:86:33:61:48
dstmac=00:10:a4:ec:54:b8
srcip=192.168.0.54
dstip=192.168.0.200
ipid=350
ttl=128
srcport=1054
dstport=80
seq=3593571492
ack=0
urgptr=63560
urg=0
tcpwindow=16384
payload=
timeseries=954011729.019123
snaplen=1514
linktype=1
=
ts=954011729.119180
caplen=62
len=62
ipprotocol=6
packet=
srcmac=00:00:86:33:61:48
dstmac=00:10:a4:ec:54:b8
srcip=192.168.0.54
dstip=192.168.0.200
ipid=351
ttl=128
srcport=1057
dstport=111
seq=3593755013
ack=0
urgptr=63560
urg=0
tcpwindow=16384
payload=
timeseries=954011729.119180
snaplen=1514
linktype=1
=
ts=954011729.119256
caplen=62
len=62
ipprotocol=6
packet=
srcmac=00:00:86:33:61:48
dstmac=00:10:a4:ec:54:b8
srcip=192.168.0.54
dstip=192.168.0.200
ipid=352
ttl=128
srcport=1058
dstport=79
seq=3593800672
ack=0
urgptr=44544
urg=0
tcpwindow=16384
payload=
timeseries=954011729.119256
snaplen=1514
linktype=1
=
ts=954011729.119330
caplen=62
len=62
ipprotocol=6
packet=
srcmac=00:00:86:33:61:48
dstmac=00:10:a4:ec:54:b8
srcip=192.168.0.54
dstip=192.168.0.200
ipid=353
ttl=128
srcport=1059
dstport=53
seq=3593845018
ack=0
urgptr=0
urg=0
tcpwindow=16384
payload=
timeseries=954011729.119330
snaplen=1514
linktype=1
=
ts=954011729.119403
caplen=62
len=62
ipprotocol=6
packet=
srcmac=00:00:86:33:61:48
dstmac=00:10:a4:ec:54:b8
srcip=192.168.0.54
dstip=192.168.0.200
ipid=354
ttl=128
srcport=1055
dstport=25
seq=3593649239
ack=0
urgptr=0
urg=0
tcpwindow=16384
payload=
timeseries=954011729.119403
snaplen=1514
linktype=1
=
ts=954011729.119476
caplen=62
len=62
ipprotocol=6
packet=
srcmac=00:00:86:33:61:48
dstmac=00:10:a4:ec:54:b8
srcip=192.168.0.54
dstip=192.168.0.200
ipid=355
ttl=128
srcport=1056
dstport=110
seq=3593700394
ack=0
urgptr=0
urg=0
tcpwindow=16384
payload=
timeseries=954011729.119476
snaplen=1514
linktype=1
=
ts=954011731.390280
caplen=60
len=60
ipprotocol=6
packet=
srcmac=00:00:86:33:61:48
dstmac=00:10:a4:ec:54:b8
srcip=192.168.0.54
dstip=192.168.0.200
ipid=356
ttl=128
srcport=1052
dstport=139
seq=3593445175
ack=1729945
urgptr=0
urg=0
tcpwindow=17376
payload=
timeseries=954011731.390280
snaplen=1514
linktype=1
=
ts=954011731.393042
caplen=60
len=60
ipprotocol=6
packet=
srcmac=00:00:86:33:61:48
dstmac=00:10:a4:ec:54:b8
srcip=192.168.0.54
dstip=192.168.0.200
ipid=357
ttl=128
srcport=1052
dstport=139
seq=3593445176
ack=1729946
urgptr=0
urg=0
tcpwindow=17376
payload=
timeseries=954011731.393042
snaplen=1514
linktype=1
=
ts=954011731.393132
caplen=62
len=62
ipprotocol=6
packet=
srcmac=00:00:86:33:61:48
dstmac=00:10:a4:ec:54:b8
srcip=192.168.0.54
dstip=192.168.0.200
ipid=358
ttl=128
srcport=1060
dstport=445
seq=3594686715
ack=0
urgptr=0
urg=0
tcpwindow=16384
payload=
timeseries=954011731.393132
snaplen=1514
linktype=1
=
ts=954011731.393278
caplen=62
len=62
ipprotocol=6
packet=
srcmac=00:00:86:33:61:48
dstmac=00:10:a4:ec:54:b8
srcip=192.168.0.54
dstip=192.168.0.200
ipid=359
ttl=128
srcport=1061
dstport=139
seq=3594727176
ack=0
urgptr=0
urg=0
tcpwindow=16384
payload=
timeseries=954011731.393278
snaplen=1514
linktype=1
=
ts=954011731.422224
caplen=60
len=60
ipprotocol=6
packet=
srcmac=00:00:86:33:61:48
dstmac=00:10:a4:ec:54:b8
srcip=192.168.0.54
dstip=192.168.0.200
ipid=360
ttl=128
srcport=1061
dstport=139
seq=3594727177
ack=1729878
urgptr=0
urg=0
tcpwindow=17520
payload=
timeseries=954011731.422224
snaplen=1514
linktype=1
=
ts=954011731.422384
caplen=126
len=126
ipprotocol=6
packet=
srcmac=00:00:86:33:61:48
dstmac=00:10:a4:ec:54:b8
srcip=192.168.0.54
dstip=192.168.0.200
ipid=361
ttl=128
srcport=1061
dstport=139
seq=3594727177
ack=1729878
urgptr=0
urg=0
tcpwindow=17520
payload=Å
timeseries=954011731.422384
snaplen=1514
linktype=1
=
ts=954011731.424355
caplen=191
len=191
ipprotocol=6
packet=
srcmac=00:00:86:33:61:48
dstmac=00:10:a4:ec:54:b8
srcip=192.168.0.54
dstip=192.168.0.200
ipid=362
ttl=128
srcport=1061
dstport=139
seq=3594727249
ack=1729882
urgptr=0
urg=0
tcpwindow=17516
payload=
timeseries=954011731.424355
snaplen=1514
linktype=1
=
ts=954011731.430712
caplen=256
len=256
ipprotocol=6
packet=
srcmac=00:00:86:33:61:48
dstmac=00:10:a4:ec:54:b8
srcip=192.168.0.54
dstip=192.168.0.200
ipid=363
ttl=128
srcport=1061
dstport=139
seq=3594727386
ack=1729983
urgptr=0
urg=0
tcpwindow=17415
payload=
timeseries=954011731.430712
snaplen=1514
linktype=1
=
ts=954011731.434037
caplen=158
len=158
ipprotocol=6
packet=
srcmac=00:00:86:33:61:48
dstmac=00:10:a4:ec:54:b8
srcip=192.168.0.54
dstip=192.168.0.200
ipid=364
ttl=128
srcport=1061
dstport=139
seq=3594727588
ack=1730133
urgptr=0
urg=0
tcpwindow=17265
payload=
timeseries=954011731.434037
snaplen=1514
linktype=1
=
ts=954011731.435816
caplen=194
len=194
ipprotocol=6
packet=
srcmac=00:00:86:33:61:48
dstmac=00:10:a4:ec:54:b8
srcip=192.168.0.54
dstip=192.168.0.200
ipid=365
ttl=128
srcport=1061
dstport=139
seq=3594727692
ack=1730240
urgptr=0
urg=0
tcpwindow=17158
payload=
timeseries=954011731.435816
snaplen=1514
linktype=1
=
ts=954011731.438199
caplen=117
len=117
ipprotocol=6
packet=
srcmac=00:00:86:33:61:48
dstmac=00:10:a4:ec:54:b8
srcip=192.168.0.54
dstip=192.168.0.200
ipid=366
ttl=128
srcport=1061
dstport=139
seq=3594727832
ack=1730291
urgptr=0
urg=0
tcpwindow=17107
payload=
timeseries=954011731.438199
snaplen=1514
linktype=1
=
ts=954011731.439352
caplen=246
len=246
ipprotocol=6
packet=
srcmac=00:00:86:33:61:48
dstmac=00:10:a4:ec:54:b8
srcip=192.168.0.54
dstip=192.168.0.200
ipid=367
ttl=128
srcport=1061
dstport=139
seq=3594727895
ack=1730423
urgptr=0
urg=0
tcpwindow=16975
payload=
timeseries=954011731.439352
snaplen=1514
linktype=1
=
ts=954011731.440841
caplen=99
len=99
ipprotocol=6
packet=
srcmac=00:00:86:33:61:48
dstmac=00:10:a4:ec:54:b8
srcip=192.168.0.54
dstip=192.168.0.200
ipid=368
ttl=128
srcport=1061
dstport=139
seq=3594728087
ack=1730771
urgptr=0
urg=0
tcpwindow=16627
payload=
timeseries=954011731.440841
snaplen=1514
linktype=1
=
ts=954011731.449118
caplen=154
len=154
ipprotocol=6
packet=
srcmac=00:00:86:33:61:48
dstmac=00:10:a4:ec:54:b8
srcip=192.168.0.54
dstip=192.168.0.200
ipid=369
ttl=128
srcport=1061
dstport=139
seq=3594728132
ack=1730810
urgptr=0
urg=0
tcpwindow=16588
payload=
timeseries=954011731.449118
snaplen=1514
linktype=1
=
ts=954011731.465803
caplen=256
len=256
ipprotocol=6
packet=
srcmac=00:00:86:33:61:48
dstmac=00:10:a4:ec:54:b8
srcip=192.168.0.54
dstip=192.168.0.200
ipid=370
ttl=128
srcport=1061
dstport=139
seq=3594728232
ack=1730849
urgptr=0
urg=0
tcpwindow=16549
payload=
timeseries=954011731.465803
snaplen=1514
linktype=1
=
ts=954011731.473742
caplen=146
len=146
ipprotocol=6
packet=
srcmac=00:00:86:33:61:48
dstmac=00:10:a4:ec:54:b8
srcip=192.168.0.54
dstip=192.168.0.200
ipid=371
ttl=128
srcport=1061
dstport=139
seq=3594728434
ack=1730999
urgptr=0
urg=0
tcpwindow=16399
payload=
timeseries=954011731.473742
snaplen=1514
linktype=1
=
ts=954011731.476108
caplen=154
len=154
ipprotocol=6
packet=
srcmac=00:00:86:33:61:48
dstmac=00:10:a4:ec:54:b8
srcip=192.168.0.54
dstip=192.168.0.200
ipid=372
ttl=128
srcport=1061
dstport=139
seq=3594728526
ack=1731038
urgptr=0
urg=0
tcpwindow=16360
payload=
timeseries=954011731.476108
snaplen=1514
linktype=1
=
ts=954011731.477595
caplen=194
len=194
ipprotocol=6
packet=
srcmac=00:00:86:33:61:48
dstmac=00:10:a4:ec:54:b8
srcip=192.168.0.54
dstip=192.168.0.200
ipid=373
ttl=128
srcport=1061
dstport=139
seq=3594728626
ack=1731145
urgptr=0
urg=0
tcpwindow=16253
payload=
timeseries=954011731.477595
snaplen=1514
linktype=1
=
ts=954011731.479025
caplen=117
len=117
ipprotocol=6
packet=
srcmac=00:00:86:33:61:48
dstmac=00:10:a4:ec:54:b8
srcip=192.168.0.54
dstip=192.168.0.200
ipid=374
ttl=128
srcport=1061
dstport=139
seq=3594728766
ack=1731196
urgptr=0
urg=0
tcpwindow=16202
payload=
timeseries=954011731.479025
snaplen=1514
linktype=1
=
ts=954011731.480107
caplen=222
len=222
ipprotocol=6
packet=
srcmac=00:00:86:33:61:48
dstmac=00:10:a4:ec:54:b8
srcip=192.168.0.54
dstip=192.168.0.200
ipid=375
ttl=128
srcport=1061
dstport=139
seq=3594728829
ack=1731328
urgptr=0
urg=0
tcpwindow=16070
payload=
timeseries=954011731.480107
snaplen=1514
linktype=1
=
ts=954011731.481168
caplen=99
len=99
ipprotocol=6
packet=
srcmac=00:00:86:33:61:48
dstmac=00:10:a4:ec:54:b8
srcip=192.168.0.54
dstip=192.168.0.200
ipid=376
ttl=128
srcport=1061
dstport=139
seq=3594728997
ack=1731420
urgptr=0
urg=0
tcpwindow=17520
payload=
timeseries=954011731.481168
snaplen=1514
linktype=1
=
ts=954011731.483377
caplen=154
len=154
ipprotocol=6
packet=
srcmac=00:00:86:33:61:48
dstmac=00:10:a4:ec:54:b8
srcip=192.168.0.54
dstip=192.168.0.200
ipid=377
ttl=128
srcport=1061
dstport=139
seq=3594729042
ack=1731459
urgptr=0
urg=0
tcpwindow=17481
payload=
timeseries=954011731.483377
snaplen=1514
linktype=1
=
ts=954011731.484744
caplen=194
len=194
ipprotocol=6
packet=
srcmac=00:00:86:33:61:48
dstmac=00:10:a4:ec:54:b8
srcip=192.168.0.54
dstip=192.168.0.200
ipid=378
ttl=128
srcport=1061
dstport=139
seq=3594729142
ack=1731566
urgptr=0
urg=0
tcpwindow=17374
payload=
timeseries=954011731.484744
snaplen=1514
linktype=1
=
ts=954011731.485619
caplen=117
len=117
ipprotocol=6
packet=
srcmac=00:00:86:33:61:48
dstmac=00:10:a4:ec:54:b8
srcip=192.168.0.54
dstip=192.168.0.200
ipid=379
ttl=128
srcport=1061
dstport=139
seq=3594729282
ack=1731617
urgptr=0
urg=0
tcpwindow=17323
payload=
timeseries=954011731.485619
snaplen=1514
linktype=1
=
ts=954011731.486659
caplen=218
len=218
ipprotocol=6
packet=
srcmac=00:00:86:33:61:48
dstmac=00:10:a4:ec:54:b8
srcip=192.168.0.54
dstip=192.168.0.200
ipid=380
ttl=128
srcport=1061
dstport=139
seq=3594729345
ack=1731749
urgptr=0
urg=0
tcpwindow=17191
payload=
timeseries=954011731.486659
snaplen=1514
linktype=1
=
ts=954011731.487872
caplen=206
len=206
ipprotocol=6
packet=
srcmac=00:00:86:33:61:48
dstmac=00:10:a4:ec:54:b8
srcip=192.168.0.54
dstip=192.168.0.200
ipid=381
ttl=128
srcport=1061
dstport=139
seq=3594729509
ack=1731857
urgptr=0
urg=0
tcpwindow=17083
payload=
timeseries=954011731.487872
snaplen=1514
linktype=1
=
ts=954011731.488971
caplen=194
len=194
ipprotocol=6
packet=
srcmac=00:00:86:33:61:48
dstmac=00:10:a4:ec:54:b8
srcip=192.168.0.54
dstip=192.168.0.200
ipid=382
ttl=128
srcport=1061
dstport=139
seq=3594729661
ack=1731965
urgptr=0
urg=0
tcpwindow=16975
payload=
timeseries=954011731.488971
snaplen=1514
linktype=1
=
ts=954011731.490265
caplen=236
len=236
ipprotocol=6
packet=
srcmac=00:00:86:33:61:48
dstmac=00:10:a4:ec:54:b8
srcip=192.168.0.54
dstip=192.168.0.200
ipid=383
ttl=128
srcport=1061
dstport=139
seq=3594729801
ack=1732173
urgptr=0
urg=0
tcpwindow=16767
payload=
timeseries=954011731.490265
snaplen=1514
linktype=1
=
ts=954011731.491501
caplen=218
len=218
ipprotocol=6
packet=
srcmac=00:00:86:33:61:48
dstmac=00:10:a4:ec:54:b8
srcip=192.168.0.54
dstip=192.168.0.200
ipid=384
ttl=128
srcport=1061
dstport=139
seq=3594729983
ack=1732293
urgptr=0
urg=0
tcpwindow=16647
payload=
timeseries=954011731.491501
snaplen=1514
linktype=1
=
ts=954011731.492601
caplen=198
len=198
ipprotocol=6
packet=
srcmac=00:00:86:33:61:48
dstmac=00:10:a4:ec:54:b8
srcip=192.168.0.54
dstip=192.168.0.200
ipid=385
ttl=128
srcport=1061
dstport=139
seq=3594730147
ack=1732401
urgptr=0
urg=0
tcpwindow=16539
payload=
timeseries=954011731.492601
snaplen=1514
linktype=1
=
ts=954011731.523056
caplen=194
len=194
ipprotocol=6
packet=
srcmac=00:00:86:33:61:48
dstmac=00:10:a4:ec:54:b8
srcip=192.168.0.54
dstip=192.168.0.200
ipid=386
ttl=128
srcport=1061
dstport=139
seq=3594730291
ack=1732665
urgptr=0
urg=0
tcpwindow=16275
payload=
timeseries=954011731.523056
snaplen=1514
linktype=1
=
ts=954011731.524317
caplen=188
len=188
ipprotocol=6
packet=
srcmac=00:00:86:33:61:48
dstmac=00:10:a4:ec:54:b8
srcip=192.168.0.54
dstip=192.168.0.200
ipid=387
ttl=128
srcport=1061
dstport=139
seq=3594730431
ack=1732773
urgptr=0
urg=0
tcpwindow=16167
payload=
timeseries=954011731.524317
snaplen=1514
linktype=1
=
ts=954011731.526237
caplen=190
len=190
ipprotocol=6
packet=
srcmac=00:00:86:33:61:48
dstmac=00:10:a4:ec:54:b8
srcip=192.168.0.54
dstip=192.168.0.200
ipid=388
ttl=128
srcport=1061
dstport=139
seq=3594730565
ack=1733357
urgptr=0
urg=0
tcpwindow=17520
payload=
timeseries=954011731.526237
snaplen=1514
linktype=1
=
ts=954011731.527459
caplen=186
len=186
ipprotocol=6
packet=
srcmac=00:00:86:33:61:48
dstmac=00:10:a4:ec:54:b8
srcip=192.168.0.54
dstip=192.168.0.200
ipid=389
ttl=128
srcport=1061
dstport=139
seq=3594730701
ack=1733569
urgptr=0
urg=0
tcpwindow=17308
payload=
timeseries=954011731.527459
snaplen=1514
linktype=1
=
ts=954011731.528634
caplen=270
len=270
ipprotocol=6
packet=
srcmac=00:00:86:33:61:48
dstmac=00:10:a4:ec:54:b8
srcip=192.168.0.54
dstip=192.168.0.200
ipid=390
ttl=128
srcport=1061
dstport=139
seq=3594730833
ack=1733681
urgptr=0
urg=0
tcpwindow=17196
payload=
timeseries=954011731.528634
snaplen=1514
linktype=1
=
ts=954011731.529772
caplen=186
len=186
ipprotocol=6
packet=
srcmac=00:00:86:33:61:48
dstmac=00:10:a4:ec:54:b8
srcip=192.168.0.54
dstip=192.168.0.200
ipid=391
ttl=128
srcport=1061
dstport=139
seq=3594731049
ack=1733785
urgptr=0
urg=0
tcpwindow=17092
payload=
timeseries=954011731.529772
snaplen=1514
linktype=1
=
ts=954011731.530822
caplen=194
len=194
ipprotocol=6
packet=
srcmac=00:00:86:33:61:48
dstmac=00:10:a4:ec:54:b8
srcip=192.168.0.54
dstip=192.168.0.200
ipid=392
ttl=128
srcport=1061
dstport=139
seq=3594731181
ack=1733893
urgptr=0
urg=0
tcpwindow=16984
payload=
timeseries=954011731.530822
snaplen=1514
linktype=1
=
ts=954011731.532031
caplen=188
len=188
ipprotocol=6
packet=
srcmac=00:00:86:33:61:48
dstmac=00:10:a4:ec:54:b8
srcip=192.168.0.54
dstip=192.168.0.200
ipid=393
ttl=128
srcport=1061
dstport=139
seq=3594731321
ack=1734001
urgptr=0
urg=0
tcpwindow=16876
payload=
timeseries=954011731.532031
snaplen=1514
linktype=1
=
ts=954011731.533792
caplen=190
len=190
ipprotocol=6
packet=
srcmac=00:00:86:33:61:48
dstmac=00:10:a4:ec:54:b8
srcip=192.168.0.54
dstip=192.168.0.200
ipid=394
ttl=128
srcport=1061
dstport=139
seq=3594731455
ack=1734457
urgptr=0
urg=0
tcpwindow=16420
payload=
timeseries=954011731.533792
snaplen=1514
linktype=1
=
ts=954011731.535031
caplen=186
len=186
ipprotocol=6
packet=
srcmac=00:00:86:33:61:48
dstmac=00:10:a4:ec:54:b8
srcip=192.168.0.54
dstip=192.168.0.200
ipid=395
ttl=128
srcport=1061
dstport=139
seq=3594731591
ack=1734693
urgptr=0
urg=0
tcpwindow=16184
payload=
timeseries=954011731.535031
snaplen=1514
linktype=1
=
ts=954011731.536216
caplen=270
len=270
ipprotocol=6
packet=
srcmac=00:00:86:33:61:48
dstmac=00:10:a4:ec:54:b8
srcip=192.168.0.54
dstip=192.168.0.200
ipid=396
ttl=128
srcport=1061
dstport=139
seq=3594731723
ack=1734805
urgptr=0
urg=0
tcpwindow=16072
payload=
timeseries=954011731.536216
snaplen=1514
linktype=1
=
ts=954011731.537292
caplen=186
len=186
ipprotocol=6
packet=
srcmac=00:00:86:33:61:48
dstmac=00:10:a4:ec:54:b8
srcip=192.168.0.54
dstip=192.168.0.200
ipid=397
ttl=128
srcport=1061
dstport=139
seq=3594731939
ack=1734909
urgptr=0
urg=0
tcpwindow=17520
payload=
timeseries=954011731.537292
snaplen=1514
linktype=1
=
ts=954011731.538362
caplen=194
len=194
ipprotocol=6
packet=
srcmac=00:00:86:33:61:48
dstmac=00:10:a4:ec:54:b8
srcip=192.168.0.54
dstip=192.168.0.200
ipid=398
ttl=128
srcport=1061
dstport=139
seq=3594732071
ack=1735017
urgptr=0
urg=0
tcpwindow=17412
payload=
timeseries=954011731.538362
snaplen=1514
linktype=1
=
ts=954011731.539540
caplen=188
len=188
ipprotocol=6
packet=
srcmac=00:00:86:33:61:48
dstmac=00:10:a4:ec:54:b8
srcip=192.168.0.54
dstip=192.168.0.200
ipid=399
ttl=128
srcport=1061
dstport=139
seq=3594732211
ack=1735125
urgptr=0
urg=0
tcpwindow=17304
payload=
timeseries=954011731.539540
snaplen=1514
linktype=1
=
ts=954011731.541175
caplen=190
len=190
ipprotocol=6
packet=
srcmac=00:00:86:33:61:48
dstmac=00:10:a4:ec:54:b8
srcip=192.168.0.54
dstip=192.168.0.200
ipid=400
ttl=128
srcport=1061
dstport=139
seq=3594732345
ack=1735697
urgptr=0
urg=0
tcpwindow=16732
payload=
timeseries=954011731.541175
snaplen=1514
linktype=1
=
ts=954011731.542351
caplen=186
len=186
ipprotocol=6
packet=
srcmac=00:00:86:33:61:48
dstmac=00:10:a4:ec:54:b8
srcip=192.168.0.54
dstip=192.168.0.200
ipid=401
ttl=128
srcport=1061
dstport=139
seq=3594732481
ack=1735897
urgptr=0
urg=0
tcpwindow=16532
payload=
timeseries=954011731.542351
snaplen=1514
linktype=1
=
ts=954011731.543539
caplen=270
len=270
ipprotocol=6
packet=
srcmac=00:00:86:33:61:48
dstmac=00:10:a4:ec:54:b8
srcip=192.168.0.54
dstip=192.168.0.200
ipid=402
ttl=128
srcport=1061
dstport=139
seq=3594732613
ack=1736009
urgptr=0
urg=0
tcpwindow=16420
payload=
timeseries=954011731.543539
snaplen=1514
linktype=1
=
ts=954011731.544603
caplen=186
len=186
ipprotocol=6
packet=
srcmac=00:00:86:33:61:48
dstmac=00:10:a4:ec:54:b8
srcip=192.168.0.54
dstip=192.168.0.200
ipid=403
ttl=128
srcport=1061
dstport=139
seq=3594732829
ack=1736113
urgptr=0
urg=0
tcpwindow=16316
payload=
timeseries=954011731.544603
snaplen=1514
linktype=1
=
ts=954011731.545646
caplen=194
len=194
ipprotocol=6
packet=
srcmac=00:00:86:33:61:48
dstmac=00:10:a4:ec:54:b8
srcip=192.168.0.54
dstip=192.168.0.200
ipid=404
ttl=128
srcport=1061
dstport=139
seq=3594732961
ack=1736221
urgptr=0
urg=0
tcpwindow=16208
payload=
timeseries=954011731.545646
snaplen=1514
linktype=1
=
ts=954011731.546804
caplen=188
len=188
ipprotocol=6
packet=
srcmac=00:00:86:33:61:48
dstmac=00:10:a4:ec:54:b8
srcip=192.168.0.54
dstip=192.168.0.200
ipid=405
ttl=128
srcport=1061
dstport=139
seq=3594733101
ack=1736329
urgptr=0
urg=0
tcpwindow=16100
payload=
timeseries=954011731.546804
snaplen=1514
linktype=1
=
ts=954011731.548553
caplen=190
len=190
ipprotocol=6
packet=
srcmac=00:00:86:33:61:48
dstmac=00:10:a4:ec:54:b8
srcip=192.168.0.54
dstip=192.168.0.200
ipid=406
ttl=128
srcport=1061
dstport=139
seq=3594733235
ack=1736785
urgptr=0
urg=0
tcpwindow=17520
payload=
timeseries=954011731.548553
snaplen=1514
linktype=1
=
ts=954011731.549749
caplen=186
len=186
ipprotocol=6
packet=
srcmac=00:00:86:33:61:48
dstmac=00:10:a4:ec:54:b8
srcip=192.168.0.54
dstip=192.168.0.200
ipid=407
ttl=128
srcport=1061
dstport=139
seq=3594733371
ack=1736997
urgptr=0
urg=0
tcpwindow=17308
payload=
timeseries=954011731.549749
snaplen=1514
linktype=1
=
ts=954011731.551027
caplen=270
len=270
ipprotocol=6
packet=
srcmac=00:00:86:33:61:48
dstmac=00:10:a4:ec:54:b8
srcip=192.168.0.54
dstip=192.168.0.200
ipid=408
ttl=128
srcport=1061
dstport=139
seq=3594733503
ack=1737109
urgptr=0
urg=0
tcpwindow=17196
payload=
timeseries=954011731.551027
snaplen=1514
linktype=1
=
ts=954011731.552164
caplen=186
len=186
ipprotocol=6
packet=
srcmac=00:00:86:33:61:48
dstmac=00:10:a4:ec:54:b8
srcip=192.168.0.54
dstip=192.168.0.200
ipid=409
ttl=128
srcport=1061
dstport=139
seq=3594733719
ack=1737217
urgptr=0
urg=0
tcpwindow=17088
payload=
timeseries=954011731.552164
snaplen=1514
linktype=1
=
ts=954011731.553174
caplen=186
len=186
ipprotocol=6
packet=
srcmac=00:00:86:33:61:48
dstmac=00:10:a4:ec:54:b8
srcip=192.168.0.54
dstip=192.168.0.200
ipid=410
ttl=128
srcport=1061
dstport=139
seq=3594733851
ack=1737325
urgptr=0
urg=0
tcpwindow=16980
payload=
timeseries=954011731.553174
snaplen=1514
linktype=1
=
ts=954011731.554210
caplen=186
len=186
ipprotocol=6
packet=
srcmac=00:00:86:33:61:48
dstmac=00:10:a4:ec:54:b8
srcip=192.168.0.54
dstip=192.168.0.200
ipid=411
ttl=128
srcport=1061
dstport=139
seq=3594733983
ack=1737433
urgptr=0
urg=0
tcpwindow=16872
payload=
timeseries=954011731.554210
snaplen=1514
linktype=1
=
ts=954011731.555230
caplen=186
len=186
ipprotocol=6
packet=
srcmac=00:00:86:33:61:48
dstmac=00:10:a4:ec:54:b8
srcip=192.168.0.54
dstip=192.168.0.200
ipid=412
ttl=128
srcport=1061
dstport=139
seq=3594734115
ack=1737541
urgptr=0
urg=0
tcpwindow=16764
payload=
timeseries=954011731.555230
snaplen=1514
linktype=1
=
ts=954011731.768206
caplen=62
len=62
ipprotocol=6
packet=
srcmac=00:00:86:33:61:48
dstmac=00:10:a4:ec:54:b8
srcip=192.168.0.54
dstip=192.168.0.200
ipid=413
ttl=128
srcport=1062
dstport=135
seq=3594889131
ack=0
urgptr=0
urg=0
tcpwindow=16384
payload=
timeseries=954011731.768206
snaplen=1514
linktype=1
=
ts=954011731.768626
caplen=60
len=60
ipprotocol=6
packet=
srcmac=00:00:86:33:61:48
dstmac=00:10:a4:ec:54:b8
srcip=192.168.0.54
dstip=192.168.0.200
ipid=414
ttl=128
srcport=1062
dstport=135
seq=3594889132
ack=1729895
urgptr=0
urg=0
tcpwindow=17520
payload=
timeseries=954011731.768626
snaplen=1514
linktype=1
=
ts=954011731.774992
caplen=126
len=126
ipprotocol=6
packet=
srcmac=00:00:86:33:61:48
dstmac=00:10:a4:ec:54:b8
srcip=192.168.0.54
dstip=192.168.0.200
ipid=415
ttl=128
srcport=1062
dstport=135
seq=3594889132
ack=1729895
urgptr=0
urg=0
tcpwindow=17520
payload=
timeseries=954011731.774992
snaplen=1514
linktype=1
=
ts=954011731.830889
caplen=210
len=210
ipprotocol=6
packet=
srcmac=00:00:86:33:61:48
dstmac=00:10:a4:ec:54:b8
srcip=192.168.0.54
dstip=192.168.0.200
ipid=416
ttl=128
srcport=1062
dstport=135
seq=3594889204
ack=1729955
urgptr=0
urg=0
tcpwindow=17460
payload=
timeseries=954011731.830889
snaplen=1514
linktype=1
=
ts=954011731.890978
caplen=99
len=99
ipprotocol=6
packet=
srcmac=00:00:86:33:61:48
dstmac=00:10:a4:ec:54:b8
srcip=192.168.0.54
dstip=192.168.0.200
ipid=417
ttl=128
srcport=1061
dstport=139
seq=3594734247
ack=1737649
urgptr=0
urg=0
tcpwindow=16656
payload=
timeseries=954011731.890978
snaplen=1514
linktype=1
=
ts=954011731.902515
caplen=97
len=97
ipprotocol=6
packet=
srcmac=00:00:86:33:61:48
dstmac=00:10:a4:ec:54:b8
srcip=192.168.0.54
dstip=192.168.0.200
ipid=418
ttl=128
srcport=1061
dstport=139
seq=3594734292
ack=1737688
urgptr=0
urg=0
tcpwindow=16617
payload=
timeseries=954011731.902515
snaplen=1514
linktype=1
=
ts=954011731.914011
caplen=60
len=60
ipprotocol=6
packet=
srcmac=00:00:86:33:61:48
dstmac=00:10:a4:ec:54:b8
srcip=192.168.0.54
dstip=192.168.0.200
ipid=419
ttl=128
srcport=1062
dstport=135
seq=3594889360
ack=1730019
urgptr=0
urg=0
tcpwindow=17396
payload=
timeseries=954011731.914011
snaplen=1514
linktype=1
=
ts=954011731.914651
caplen=60
len=60
ipprotocol=6
packet=
srcmac=00:00:86:33:61:48
dstmac=00:10:a4:ec:54:b8
srcip=192.168.0.54
dstip=192.168.0.200
ipid=420
ttl=128
srcport=1062
dstport=135
seq=3594889361
ack=1730020
urgptr=0
urg=0
tcpwindow=17396
payload=
timeseries=954011731.914651
snaplen=1514
linktype=1
=
ts=954011731.915711
caplen=93
len=93
ipprotocol=6
packet=
srcmac=00:00:86:33:61:48
dstmac=00:10:a4:ec:54:b8
srcip=192.168.0.54
dstip=192.168.0.200
ipid=421
ttl=128
srcport=1061
dstport=139
seq=3594734335
ack=1737731
urgptr=0
urg=0
tcpwindow=16574
payload=
timeseries=954011731.915711
snaplen=1514
linktype=1
=
ts=954011731.921672
caplen=92
len=92
ipprotocol=17
packet=
srcmac=00:00:86:33:61:48
dstmac=00:10:a4:ec:54:b8
srcip=192.168.0.54
dstip=192.168.0.200
ipid=422
ttl=128
srcport=137
dstport=137
payload=Ä0
timeseries=954011731.921672
snaplen=1514
linktype=1
=
ts=954011731.922436
caplen=307
len=307
ipprotocol=17
packet=
srcmac=00:10:a4:ec:54:b8
dstmac=00:00:86:33:61:48
srcip=192.168.0.200
dstip=192.168.0.54
ipid=41189
ttl=128
srcport=137
dstport=137
payload=Ä0Ñ
timeseries=954011731.922436
snaplen=1514
linktype=1
=
ts=954011731.945492
caplen=346
len=346
ipprotocol=6
packet=
srcmac=00:00:86:33:61:48
dstmac=00:10:a4:ec:54:b8
srcip=192.168.0.54
dstip=192.168.0.200
ipid=423
ttl=128
srcport=1061
dstport=139
seq=3594734374
ack=1737770
urgptr=0
urg=0
tcpwindow=16535
payload=
timeseries=954011731.945492
snaplen=1514
linktype=1
=
ts=954011734.970249
caplen=346
len=346
ipprotocol=6
packet=
srcmac=00:00:86:33:61:48
dstmac=00:10:a4:ec:54:b8
srcip=192.168.0.54
dstip=192.168.0.200
ipid=424
ttl=128
srcport=1061
dstport=139
seq=3594734666
ack=1737809
urgptr=0
urg=0
tcpwindow=16496
payload=
timeseries=954011734.970249
snaplen=1514
linktype=1
=
ts=954011738.004917
caplen=328
len=328
ipprotocol=6
packet=
srcmac=00:00:86:33:61:48
dstmac=00:10:a4:ec:54:b8
srcip=192.168.0.54
dstip=192.168.0.200
ipid=425
ttl=128
srcport=1061
dstport=139
seq=3594734958
ack=1737848
urgptr=0
urg=0
tcpwindow=16457
payload=
timeseries=954011738.004917
snaplen=1514
linktype=1
=
ts=954011741.048696
caplen=328
len=328
ipprotocol=6
packet=
srcmac=00:00:86:33:61:48
dstmac=00:10:a4:ec:54:b8
srcip=192.168.0.54
dstip=192.168.0.200
ipid=426
ttl=128
srcport=1061
dstport=139
seq=3594735232
ack=1737887
urgptr=0
urg=0
tcpwindow=16418
payload=
timeseries=954011741.048696
snaplen=1514
linktype=1
=
ts=954011744.093205
caplen=330
len=330
ipprotocol=6
packet=
srcmac=00:00:86:33:61:48
dstmac=00:10:a4:ec:54:b8
srcip=192.168.0.54
dstip=192.168.0.200
ipid=427
ttl=128
srcport=1061
dstport=139
seq=3594735506
ack=1737926
urgptr=0
urg=0
tcpwindow=16379
payload=
timeseries=954011744.093205
snaplen=1514
linktype=1
=
ts=954011747.127418
caplen=330
len=330
ipprotocol=6
packet=
srcmac=00:00:86:33:61:48
dstmac=00:10:a4:ec:54:b8
srcip=192.168.0.54
dstip=192.168.0.200
ipid=428
ttl=128
srcport=1061
dstport=139
seq=3594735782
ack=1737965
urgptr=0
urg=0
tcpwindow=16340
payload=
timeseries=954011747.127418
snaplen=1514
linktype=1
=
ts=954011747.163434
caplen=328
len=328
ipprotocol=6
packet=
srcmac=00:00:86:33:61:48
dstmac=00:10:a4:ec:54:b8
srcip=192.168.0.54
dstip=192.168.0.200
ipid=429
ttl=128
srcport=1061
dstport=139
seq=3594736058
ack=1738004
urgptr=0
urg=0
tcpwindow=16301
payload=
timeseries=954011747.163434
snaplen=1514
linktype=1
=
ts=954011750.182853
caplen=328
len=328
ipprotocol=6
packet=
srcmac=00:00:86:33:61:48
dstmac=00:10:a4:ec:54:b8
srcip=192.168.0.54
dstip=192.168.0.200
ipid=430
ttl=128
srcport=1061
dstport=139
seq=3594736332
ack=1738043
urgptr=0
urg=0
tcpwindow=16262
payload=
timeseries=954011750.182853
snaplen=1514
linktype=1
=
ts=954011753.354234
caplen=60
len=60
ipprotocol=6
packet=
srcmac=00:00:86:33:61:48
dstmac=00:10:a4:ec:54:b8
srcip=192.168.0.54
dstip=192.168.0.200
ipid=431
ttl=128
srcport=1061
dstport=139
seq=3594736606
ack=1738082
urgptr=0
urg=0
tcpwindow=16223
payload=
timeseries=954011753.354234
snaplen=1514
linktype=1
=
