Imported successfully
filter '(srcport > "137")' from (pcapfile '0325@1112-snort.pcap' )
192.168.0.54 192.168.0.210 1043 139 False
192.168.0.54 192.168.0.210 1043 139 False
192.168.0.54 192.168.0.210 1043 139 False
192.168.0.54 192.168.0.210 1043 139 False
192.168.0.54 192.168.0.200 1051 445 False
192.168.0.54 192.168.0.200 1052 139 False
192.168.0.54 192.168.0.200 1052 139 False
192.168.0.54 192.168.0.200 1052 139 False
192.168.0.54 192.168.0.200 1052 139 False
192.168.0.54 192.168.0.200 1052 139 False
192.168.0.54 192.168.0.200 1053 21 False
192.168.0.54 192.168.0.200 1054 80 False
192.168.0.54 192.168.0.200 1055 25 False
192.168.0.54 192.168.0.200 1056 110 False
192.168.0.54 192.168.0.200 1057 111 False
192.168.0.54 192.168.0.200 1058 79 False
192.168.0.54 192.168.0.200 1059 53 False
192.168.0.54 192.168.0.200 1053 21 False
192.168.0.54 192.168.0.200 1054 80 False
192.168.0.54 192.168.0.200 1057 111 False
192.168.0.54 192.168.0.200 1058 79 False
192.168.0.54 192.168.0.200 1059 53 False
192.168.0.54 192.168.0.200 1055 25 False
192.168.0.54 192.168.0.200 1056 110 False
192.168.0.54 192.168.0.200 1053 21 False
192.168.0.54 192.168.0.200 1054 80 False
192.168.0.54 192.168.0.200 1057 111 False
192.168.0.54 192.168.0.200 1058 79 False
192.168.0.54 192.168.0.200 1059 53 False
192.168.0.54 192.168.0.200 1055 25 False
192.168.0.54 192.168.0.200 1056 110 False
192.168.0.54 192.168.0.200 1052 139 False
192.168.0.54 192.168.0.200 1052 139 False
192.168.0.54 192.168.0.200 1060 445 False
192.168.0.54 192.168.0.200 1061 139 False
192.168.0.54 192.168.0.200 1061 139 False
192.168.0.54 192.168.0.200 1061 139 False
192.168.0.54 192.168.0.200 1061 139 False
192.168.0.54 192.168.0.200 1061 139 False
192.168.0.54 192.168.0.200 1061 139 False
192.168.0.54 192.168.0.200 1061 139 False
192.168.0.54 192.168.0.200 1061 139 False
192.168.0.54 192.168.0.200 1061 139 False
192.168.0.54 192.168.0.200 1061 139 False
192.168.0.54 192.168.0.200 1061 139 False
192.168.0.54 192.168.0.200 1061 139 False
192.168.0.54 192.168.0.200 1061 139 False
192.168.0.54 192.168.0.200 1061 139 False
192.168.0.54 192.168.0.200 1061 139 False
192.168.0.54 192.168.0.200 1061 139 False
192.168.0.54 192.168.0.200 1061 139 False
192.168.0.54 192.168.0.200 1061 139 False
192.168.0.54 192.168.0.200 1061 139 False
192.168.0.54 192.168.0.200 1061 139 False
192.168.0.54 192.168.0.200 1061 139 False
192.168.0.54 192.168.0.200 1061 139 False
192.168.0.54 192.168.0.200 1061 139 False
192.168.0.54 192.168.0.200 1061 139 False
192.168.0.54 192.168.0.200 1061 139 False
192.168.0.54 192.168.0.200 1061 139 False
192.168.0.54 192.168.0.200 1061 139 False
192.168.0.54 192.168.0.200 1061 139 False
192.168.0.54 192.168.0.200 1061 139 False
192.168.0.54 192.168.0.200 1061 139 False
192.168.0.54 192.168.0.200 1061 139 False
192.168.0.54 192.168.0.200 1061 139 False
192.168.0.54 192.168.0.200 1061 139 False
192.168.0.54 192.168.0.200 1061 139 False
192.168.0.54 192.168.0.200 1061 139 False
192.168.0.54 192.168.0.200 1061 139 False
192.168.0.54 192.168.0.200 1061 139 False
192.168.0.54 192.168.0.200 1061 139 False
192.168.0.54 192.168.0.200 1061 139 False
192.168.0.54 192.168.0.200 1061 139 False
192.168.0.54 192.168.0.200 1061 139 False
192.168.0.54 192.168.0.200 1061 139 False
192.168.0.54 192.168.0.200 1061 139 False
192.168.0.54 192.168.0.200 1061 139 False
192.168.0.54 192.168.0.200 1061 139 False
192.168.0.54 192.168.0.200 1061 139 False
192.168.0.54 192.168.0.200 1061 139 False
192.168.0.54 192.168.0.200 1061 139 False
192.168.0.54 192.168.0.200 1061 139 False
192.168.0.54 192.168.0.200 1061 139 False
192.168.0.54 192.168.0.200 1061 139 False
192.168.0.54 192.168.0.200 1061 139 False
192.168.0.54 192.168.0.200 1061 139 False
192.168.0.54 192.168.0.200 1061 139 False
192.168.0.54 192.168.0.200 1062 135 False
192.168.0.54 192.168.0.200 1062 135 False
192.168.0.54 192.168.0.200 1062 135 False
192.168.0.54 192.168.0.200 1062 135 False
192.168.0.54 192.168.0.200 1061 139 False
192.168.0.54 192.168.0.200 1061 139 False
192.168.0.54 192.168.0.200 1062 135 False
192.168.0.54 192.168.0.200 1062 135 False
192.168.0.54 192.168.0.200 1061 139 False
192.168.0.54 192.168.0.200 1061 139 False
192.168.0.54 192.168.0.200 1061 139 False
192.168.0.54 192.168.0.200 1061 139 False
192.168.0.54 192.168.0.200 1061 139 False
192.168.0.54 192.168.0.200 1061 139 False
192.168.0.54 192.168.0.200 1061 139 False
192.168.0.54 192.168.0.200 1061 139 False
192.168.0.54 192.168.0.200 1061 139 False
192.168.0.54 192.168.0.200 1061 139 False
