ts = 2000-03-25T12:13:29.360668-07:00	srcip = 192.168.0.54	dstip = 192.168.0.210
ts = 2000-03-25T12:15:28.020237-07:00	srcip = 192.168.0.54	dstip = 192.168.0.200
ts = 2000-03-25T12:15:31.922436-07:00	srcip = 192.168.0.200	dstip = 192.168.0.54
