BEGIN TRANSACTION;
create table foo(ts varchar(80), srcip varchar(32), dstip varchar(32));
INSERT INTO foo VALUES(954011609.360668,'192.168.0.54','192.168.0.210');
INSERT INTO foo VALUES(954011728.020237,'192.168.0.54','192.168.0.200');
INSERT INTO foo VALUES(954011731.922436,'192.168.0.200','192.168.0.54');
COMMIT;
