954011609.360668	192.168.0.54	192.168.0.210
954011728.020237	192.168.0.54	192.168.0.200
954011731.922436	192.168.0.200	192.168.0.54
